[2024-12-13 11:27:45 -0700] [2591455] [INFO] Starting gunicorn 23.0.0
[2024-12-13 11:27:45 -0700] [2591455] [INFO] Listening at: http://127.0.0.1:8000 (2591455)
[2024-12-13 11:27:45 -0700] [2591455] [INFO] Using worker: sync
[2024-12-13 11:27:45 -0700] [2591456] [INFO] Booting worker with pid: 2591456
[2024-12-13 11:27:45 -0700] [2591456] [ERROR] Exception in worker process
Traceback (most recent call last):
  File "/home/frank/SML_Reports_Test/venv/lib/python3.12/site-packages/gunicorn/arbiter.py", line 608, in spawn_worker
    worker.init_process()
  File "/home/frank/SML_Reports_Test/venv/lib/python3.12/site-packages/gunicorn/workers/base.py", line 135, in init_process
    self.load_wsgi()
  File "/home/frank/SML_Reports_Test/venv/lib/python3.12/site-packages/gunicorn/workers/base.py", line 147, in load_wsgi
    self.wsgi = self.app.wsgi()
                ^^^^^^^^^^^^^^^
  File "/home/frank/SML_Reports_Test/venv/lib/python3.12/site-packages/gunicorn/app/base.py", line 66, in wsgi
    self.callable = self.load()
                    ^^^^^^^^^^^
  File "/home/frank/SML_Reports_Test/venv/lib/python3.12/site-packages/gunicorn/app/wsgiapp.py", line 57, in load
    return self.load_wsgiapp()
           ^^^^^^^^^^^^^^^^^^^
  File "/home/frank/SML_Reports_Test/venv/lib/python3.12/site-packages/gunicorn/app/wsgiapp.py", line 47, in load_wsgiapp
    return util.import_app(self.app_uri)
           ^^^^^^^^^^^^^^^^^^^^^^^^^^^^^
  File "/home/frank/SML_Reports_Test/venv/lib/python3.12/site-packages/gunicorn/util.py", line 370, in import_app
    mod = importlib.import_module(module)
          ^^^^^^^^^^^^^^^^^^^^^^^^^^^^^^^
  File "/usr/local/lib/python3.12/importlib/__init__.py", line 90, in import_module
    return _bootstrap._gcd_import(name[level:], package, level)
           ^^^^^^^^^^^^^^^^^^^^^^^^^^^^^^^^^^^^^^^^^^^^^^^^^^^^
  File "<frozen importlib._bootstrap>", line 1387, in _gcd_import
  File "<frozen importlib._bootstrap>", line 1360, in _find_and_load
  File "<frozen importlib._bootstrap>", line 1310, in _find_and_load_unlocked
  File "<frozen importlib._bootstrap>", line 488, in _call_with_frames_removed
  File "<frozen importlib._bootstrap>", line 1387, in _gcd_import
  File "<frozen importlib._bootstrap>", line 1360, in _find_and_load
  File "<frozen importlib._bootstrap>", line 1324, in _find_and_load_unlocked
ModuleNotFoundError: No module named 'Back_End'
[2024-12-13 11:27:45 -0700] [2591456] [INFO] Worker exiting (pid: 2591456)
[2024-12-13 11:27:45 -0700] [2591455] [ERROR] Worker (pid:2591456) exited with code 3
[2024-12-13 11:27:45 -0700] [2591455] [ERROR] Shutting down: Master
[2024-12-13 11:27:45 -0700] [2591455] [ERROR] Reason: Worker failed to boot.
